[     114ms] [INFO] %cDownload the React DevTools for a better development experience: https://reactjs.org/link/react-devtools font-weight:bold @ http://localhost:5173/node_modules/.vite/deps/chunk-PJEEZAML.js?v=a8d73803:21550
[     173ms] Transition was skipped. New ViewTransition started
[     220ms] Transition was skipped. New ViewTransition started
[     231ms] Transition was skipped. New ViewTransition started
[    5986ms] [INFO] %cDownload the React DevTools for a better development experience: https://reactjs.org/link/react-devtools font-weight:bold @ http://localhost:5173/node_modules/.vite/deps/chunk-PJEEZAML.js?v=a8d73803:21550
[    6000ms] Transition was skipped. New ViewTransition started
[    6002ms] Transition was skipped. New ViewTransition started
[    6003ms] Transition was skipped. New ViewTransition started
[   30007ms] [INFO] %cDownload the React DevTools for a better development experience: https://reactjs.org/link/react-devtools font-weight:bold @ http://localhost:5173/node_modules/.vite/deps/chunk-PJEEZAML.js?v=a8d73803:21550
[   30014ms] Transition was skipped. New ViewTransition started
[   30020ms] Transition was skipped. New ViewTransition started
[   30022ms] Transition was skipped. New ViewTransition started
[   41175ms] [INFO] %cDownload the React DevTools for a better development experience: https://reactjs.org/link/react-devtools font-weight:bold @ http://localhost:5173/node_modules/.vite/deps/chunk-PJEEZAML.js?v=a8d73803:21550
[   41183ms] Transition was skipped. New ViewTransition started
[   41188ms] Transition was skipped. New ViewTransition started
[   41192ms] Transition was skipped. New ViewTransition started
[   78997ms] [INFO] %cDownload the React DevTools for a better development experience: https://reactjs.org/link/react-devtools font-weight:bold @ http://localhost:5173/node_modules/.vite/deps/chunk-PJEEZAML.js?v=a8d73803:21550
[   79002ms] Transition was skipped. New ViewTransition started
[   79010ms] Transition was skipped. New ViewTransition started
[   79012ms] Transition was skipped. New ViewTransition started
[  200637ms] [LOG] [vite] server connection lost. Polling for restart... @ http://localhost:5173/@vite/client:559
[  201071ms] [INFO] %cDownload the React DevTools for a better development experience: https://reactjs.org/link/react-devtools font-weight:bold @ http://localhost:5173/node_modules/.vite/deps/chunk-PJEEZAML.js?v=a8d73803:21550
[  201118ms] Transition was skipped. New ViewTransition started
[  201139ms] Transition was skipped. New ViewTransition started
[  201144ms] Transition was skipped. New ViewTransition started
